../Core/Src/lcd_i2c.c:11:13:delay_ms	24	static,ignoring_inline_asm
../Core/Src/lcd_i2c.c:20:6:I2C1_Init	4	static
../Core/Src/lcd_i2c.c:39:5:I2C1_WriteByte	16	static
../Core/Src/lcd_i2c.c:58:6:LCD_Init	8	static
../Core/Src/lcd_i2c.c:75:6:LCD_Clear	8	static
../Core/Src/lcd_i2c.c:80:6:LCD_SetCursor	24	static
../Core/Src/lcd_i2c.c:86:6:LCD_Print	16	static
../Core/Src/lcd_i2c.c:93:13:LCD_SendCommand	16	static
../Core/Src/lcd_i2c.c:97:13:LCD_SendData	16	static
../Core/Src/lcd_i2c.c:101:13:LCD_Send	24	static
../Core/Src/lcd_i2c.c:108:13:LCD_Write4Bits	16	static
../Core/Src/lcd_i2c.c:113:13:LCD_ExpanderWrite	16	static
../Core/Src/lcd_i2c.c:117:13:LCD_PulseEnable	16	static
