../Core/Src/lcd_i2c.c:15:6:I2C1_Init	4	static
../Core/Src/lcd_i2c.c:45:5:I2C1_WriteByte	16	static
../Core/Src/lcd_i2c.c:66:6:LCD_Init	8	static
../Core/Src/lcd_i2c.c:82:6:LCD_Clear	8	static
../Core/Src/lcd_i2c.c:88:6:LCD_SetCursor	24	static
../Core/Src/lcd_i2c.c:95:6:LCD_Print	16	static
../Core/Src/lcd_i2c.c:103:13:LCD_SendCommand	16	static
../Core/Src/lcd_i2c.c:108:13:LCD_SendData	16	static
../Core/Src/lcd_i2c.c:113:13:LCD_Send	24	static
../Core/Src/lcd_i2c.c:121:13:LCD_Write4Bits	16	static
../Core/Src/lcd_i2c.c:127:13:LCD_ExpanderWrite	16	static
../Core/Src/lcd_i2c.c:132:13:LCD_PulseEnable	16	static
